#-----------------------------------------------------------
# Webtalk v2019.2 (64-bit)
# SW Build 2708876 on Wed Nov  6 21:39:14 MST 2019
# IP Build 2700528 on Thu Nov  7 00:09:20 MST 2019
# Start of session at: Sat Mar 21 11:33:47 2020
# Process ID: 8636
# Current directory: /home/snegrini/Documents/RL-Project-2020-new/rl_project_2020/rl_project_2020.sim/sim_2/synth/timing/xsim
# Command line: wbtcv -mode batch -source /home/snegrini/Documents/RL-Project-2020-new/rl_project_2020/rl_project_2020.sim/sim_2/synth/timing/xsim/xsim.dir/project_tb_multi_start_time_synth/webtalk/xsim_webtalk.tcl -notrace
# Log file: /home/snegrini/Documents/RL-Project-2020-new/rl_project_2020/rl_project_2020.sim/sim_2/synth/timing/xsim/webtalk.log
# Journal file: /home/snegrini/Documents/RL-Project-2020-new/rl_project_2020/rl_project_2020.sim/sim_2/synth/timing/xsim/webtalk.jou
#-----------------------------------------------------------
source /home/snegrini/Documents/RL-Project-2020-new/rl_project_2020/rl_project_2020.sim/sim_2/synth/timing/xsim/xsim.dir/project_tb_multi_start_time_synth/webtalk/xsim_webtalk.tcl -notrace
